new segments to cache: 256
osm caches: 256
lsoa done: 256 / 256
crime requests: 3072
crime 0/3072
crime 120/3072
crime 240/3072
crime 360/3072
crime 480/3072
crime 600/3072
crime 720/3072
crime 840/3072
crime 960/3072
crime 1080/3072
crime 1200/3072
crime 1320/3072
crime 1440/3072
crime 1560/3072
crime 1680/3072
crime 1800/3072
crime 1920/3072
crime 2040/3072
crime 2160/3072
crime 2280/3072
crime 2400/3072
crime 2520/3072
crime 2640/3072
crime 2760/3072
crime 2880/3072
crime 3000/3072
crime done: 256 / 256
