old-compton {'shoplifting': 1148, 'theft_person': 6123, 'robbery_biz': 787, 'burglary_biz': 239}
seven-dials {'shoplifting': 937, 'theft_person': 3221, 'robbery_biz': 382, 'burglary_biz': 202}
charlotte-street {'shoplifting': 466, 'theft_person': 652, 'robbery_biz': 107, 'burglary_biz': 158}
marylebone-high {'shoplifting': 359, 'theft_person': 353, 'robbery_biz': 67, 'burglary_biz': 113}
oxford-east {'shoplifting': 1226, 'theft_person': 4729, 'robbery_biz': 582, 'burglary_biz': 224}
carnaby {'shoplifting': 1722, 'theft_person': 4012, 'robbery_biz': 492, 'burglary_biz': 197}
chinatown {'shoplifting': 828, 'theft_person': 4890, 'robbery_biz': 719, 'burglary_biz': 206}
borough-high {'shoplifting': 136, 'theft_person': 1113, 'robbery_biz': 189, 'burglary_biz': 133}
bermondsey-street {'shoplifting': 241, 'theft_person': 274, 'robbery_biz': 87, 'burglary_biz': 135}
lower-marsh {'shoplifting': 354, 'theft_person': 695, 'robbery_biz': 118, 'burglary_biz': 66}
the-cut {'shoplifting': 330, 'theft_person': 964, 'robbery_biz': 135, 'burglary_biz': 75}
wilton-road {'shoplifting': 379, 'theft_person': 574, 'robbery_biz': 109, 'burglary_biz': 84}
strutton-ground {'shoplifting': 166, 'theft_person': 295, 'robbery_biz': 47, 'burglary_biz': 75}
cheapside {'shoplifting': 478, 'theft_person': 284, 'robbery_biz': 65, 'burglary_biz': 56}
leadenhall {'shoplifting': 270, 'theft_person': 236, 'robbery_biz': 56, 'burglary_biz': 152}
broadgate {'shoplifting': 314, 'theft_person': 213, 'robbery_biz': 69, 'burglary_biz': 80}
exmouth-market {'shoplifting': 241, 'theft_person': 176, 'robbery_biz': 39, 'burglary_biz': 89}
cowcross {'shoplifting': 601, 'theft_person': 416, 'robbery_biz': 103, 'burglary_biz': 104}
boxpark {'shoplifting': 234, 'theft_person': 584, 'robbery_biz': 112, 'burglary_biz': 169}
hoxton-square {'shoplifting': 123, 'theft_person': 741, 'robbery_biz': 154, 'burglary_biz': 146}
old-street-east {'shoplifting': 379, 'theft_person': 826, 'robbery_biz': 175, 'burglary_biz': 181}
brushfield {'shoplifting': 389, 'theft_person': 285, 'robbery_biz': 75, 'burglary_biz': 161}
brick-lane {'shoplifting': 306, 'theft_person': 240, 'robbery_biz': 58, 'burglary_biz': 120}
coal-drops {'shoplifting': 153, 'theft_person': 147, 'robbery_biz': 52, 'burglary_biz': 64}
drummond-street {'shoplifting': 34, 'theft_person': 445, 'robbery_biz': 73, 'burglary_biz': 46}
praed-street {'shoplifting': 64, 'theft_person': 426, 'robbery_biz': 47, 'burglary_biz': 140}
queensway {'shoplifting': 181, 'theft_person': 166, 'robbery_biz': 43, 'burglary_biz': 114}
portobello {'shoplifting': 309, 'theft_person': 275, 'robbery_biz': 75, 'burglary_biz': 84}
south-kensington {'shoplifting': 51, 'theft_person': 149, 'robbery_biz': 26, 'burglary_biz': 50}
knightsbridge {'shoplifting': 407, 'theft_person': 205, 'robbery_biz': 47, 'burglary_biz': 49}
kings-road {'shoplifting': 305, 'theft_person': 207, 'robbery_biz': 38, 'burglary_biz': 50}
battersea-power {'shoplifting': 163, 'theft_person': 143, 'robbery_biz': 24, 'burglary_biz': 53}
walworth-road {'shoplifting': 201, 'theft_person': 806, 'robbery_biz': 180, 'burglary_biz': 111}
camden-high {'shoplifting': 179, 'theft_person': 514, 'robbery_biz': 123, 'burglary_biz': 66}
kentish-town {'shoplifting': 345, 'theft_person': 71, 'robbery_biz': 40, 'burglary_biz': 44}
upper-street {'shoplifting': 591, 'theft_person': 290, 'robbery_biz': 84, 'burglary_biz': 75}
dalston {'shoplifting': 509, 'theft_person': 414, 'robbery_biz': 142, 'burglary_biz': 142}
hackney-central {'shoplifting': 411, 'theft_person': 251, 'robbery_biz': 107, 'burglary_biz': 96}
bethnal-green {'shoplifting': 126, 'theft_person': 89, 'robbery_biz': 54, 'burglary_biz': 102}
whitechapel {'shoplifting': 73, 'theft_person': 256, 'robbery_biz': 52, 'burglary_biz': 109}
canary-wharf {'shoplifting': 447, 'theft_person': 76, 'robbery_biz': 33, 'burglary_biz': 35}
greenwich {'shoplifting': 184, 'theft_person': 54, 'robbery_biz': 39, 'burglary_biz': 37}
rye-lane {'shoplifting': 222, 'theft_person': 321, 'robbery_biz': 124, 'burglary_biz': 99}
camberwell {'shoplifting': 126, 'theft_person': 139, 'robbery_biz': 59, 'burglary_biz': 75}
brixton {'shoplifting': 588, 'theft_person': 460, 'robbery_biz': 198, 'burglary_biz': 118}
clapham-high {'shoplifting': 471, 'theft_person': 619, 'robbery_biz': 200, 'burglary_biz': 76}
northcote-road {'shoplifting': 0, 'theft_person': 4, 'robbery_biz': 3, 'burglary_biz': 6}
fulham-broadway {'shoplifting': 213, 'theft_person': 41, 'robbery_biz': 33, 'burglary_biz': 65}
hammersmith {'shoplifting': 375, 'theft_person': 136, 'robbery_biz': 68, 'burglary_biz': 63}
shepherds-bush {'shoplifting': 911, 'theft_person': 216, 'robbery_biz': 107, 'burglary_biz': 70}
kilburn {'shoplifting': 293, 'theft_person': 154, 'robbery_biz': 83, 'burglary_biz': 114}
stroud-green {'shoplifting': 164, 'theft_person': 543, 'robbery_biz': 195, 'burglary_biz': 108}
nags-head {'shoplifting': 241, 'theft_person': 231, 'robbery_biz': 75, 'burglary_biz': 55}
tooting {'shoplifting': 254, 'theft_person': 165, 'robbery_biz': 73, 'burglary_biz': 55}
balham {'shoplifting': 410, 'theft_person': 107, 'robbery_biz': 67, 'burglary_biz': 59}
ealing {'shoplifting': 452, 'theft_person': 141, 'robbery_biz': 60, 'burglary_biz': 61}
chiswick {'shoplifting': 339, 'theft_person': 28, 'robbery_biz': 26, 'burglary_biz': 52}
wood-green {'shoplifting': 365, 'theft_person': 201, 'robbery_biz': 131, 'burglary_biz': 48}
crouch-end {'shoplifting': 150, 'theft_person': 43, 'robbery_biz': 31, 'burglary_biz': 31}
walthamstow {'shoplifting': 200, 'theft_person': 270, 'robbery_biz': 61, 'burglary_biz': 55}
stratford {'shoplifting': 818, 'theft_person': 777, 'robbery_biz': 149, 'burglary_biz': 74}
old-york-road {'shoplifting': 202, 'theft_person': 49, 'robbery_biz': 50, 'burglary_biz': 63}
wimbledon {'shoplifting': 234, 'theft_person': 50, 'robbery_biz': 35, 'burglary_biz': 18}
lewisham {'shoplifting': 369, 'theft_person': 174, 'robbery_biz': 75, 'burglary_biz': 67}
leather-lane {'shoplifting': 726, 'theft_person': 232, 'robbery_biz': 95, 'burglary_biz': 100}
maltby-street {'shoplifting': 34, 'theft_person': 232, 'robbery_biz': 55, 'burglary_biz': 117}
vauxhall {'shoplifting': 72, 'theft_person': 755, 'robbery_biz': 215, 'burglary_biz': 41}
westbourne-grove {'shoplifting': 89, 'theft_person': 116, 'robbery_biz': 29, 'burglary_biz': 123}
fulham-road {'shoplifting': 223, 'theft_person': 35, 'robbery_biz': 32, 'burglary_biz': 62}
columbia-road {'shoplifting': 119, 'theft_person': 126, 'robbery_biz': 45, 'burglary_biz': 80}
broadway-market {'shoplifting': 285, 'theft_person': 129, 'robbery_biz': 64, 'burglary_biz': 92}
stoke-newington {'shoplifting': 81, 'theft_person': 64, 'robbery_biz': 34, 'burglary_biz': 49}
bellenden-road {'shoplifting': 195, 'theft_person': 43, 'robbery_biz': 24, 'burglary_biz': 44}
deptford {'shoplifting': 121, 'theft_person': 70, 'robbery_biz': 47, 'burglary_biz': 75}
new-cross {'shoplifting': 119, 'theft_person': 91, 'robbery_biz': 82, 'burglary_biz': 67}
clapham-old-town {'shoplifting': 369, 'theft_person': 444, 'robbery_biz': 167, 'burglary_biz': 53}
battersea-park-road {'shoplifting': 21, 'theft_person': 30, 'robbery_biz': 20, 'burglary_biz': 53}
parsons-green {'shoplifting': 97, 'theft_person': 65, 'robbery_biz': 24, 'burglary_biz': 70}
west-hampstead {'shoplifting': 137, 'theft_person': 85, 'robbery_biz': 49, 'burglary_biz': 85}
salusbury-road {'shoplifting': 236, 'theft_person': 34, 'robbery_biz': 41, 'burglary_biz': 68}
st-johns-wood {'shoplifting': 129, 'theft_person': 69, 'robbery_biz': 22, 'burglary_biz': 50}
primrose-hill {'shoplifting': 21, 'theft_person': 49, 'robbery_biz': 13, 'burglary_biz': 32}
white-city {'shoplifting': 347, 'theft_person': 68, 'robbery_biz': 28, 'burglary_biz': 23}
finsbury-park {'shoplifting': 164, 'theft_person': 539, 'robbery_biz': 193, 'burglary_biz': 102}
highbury-barn {'shoplifting': 2, 'theft_person': 54, 'robbery_biz': 25, 'burglary_biz': 34}
tufnell-park {'shoplifting': 28, 'theft_person': 51, 'robbery_biz': 10, 'burglary_biz': 32}
mile-end {'shoplifting': 94, 'theft_person': 125, 'robbery_biz': 47, 'burglary_biz': 77}
hackney-wick {'shoplifting': 138, 'theft_person': 305, 'robbery_biz': 84, 'burglary_biz': 41}
surrey-quays {'shoplifting': 38, 'theft_person': 269, 'robbery_biz': 50, 'burglary_biz': 24}
chrisp-street {'shoplifting': 199, 'theft_person': 91, 'robbery_biz': 78, 'burglary_biz': 89}
roman-road {'shoplifting': 102, 'theft_person': 114, 'robbery_biz': 38, 'burglary_biz': 58}
chatsworth-road {'shoplifting': 95, 'theft_person': 91, 'robbery_biz': 36, 'burglary_biz': 55}
archway {'shoplifting': 482, 'theft_person': 127, 'robbery_biz': 75, 'burglary_biz': 77}
acton {'shoplifting': 142, 'theft_person': 34, 'robbery_biz': 35, 'burglary_biz': 68}
seven-sisters {'shoplifting': 437, 'theft_person': 161, 'robbery_biz': 91, 'burglary_biz': 28}
leyton {'shoplifting': 57, 'theft_person': 72, 'robbery_biz': 28, 'burglary_biz': 31}
upton-park {'shoplifting': 102, 'theft_person': 461, 'robbery_biz': 74, 'burglary_biz': 58}
canning-town {'shoplifting': 295, 'theft_person': 120, 'robbery_biz': 86, 'burglary_biz': 124}
harringay {'shoplifting': 145, 'theft_person': 67, 'robbery_biz': 40, 'burglary_biz': 35}
highgate {'shoplifting': 106, 'theft_person': 22, 'robbery_biz': 12, 'burglary_biz': 34}
denmark-hill {'shoplifting': 21, 'theft_person': 102, 'robbery_biz': 25, 'burglary_biz': 43}
forest-hill {'shoplifting': 45, 'theft_person': 11, 'robbery_biz': 21, 'burglary_biz': 19}
CRIME DONE
